........................................................................ [ 65%]
......................................                                   [100%]
=========================== short test summary info ============================
SKIPPED [1] tests/test_lua.py:6: Optional lupa package is needed for Lua execution tests
110 passed, 1 skipped in 0.81s
